// Jest Snapshot v1, https://goo.gl/fbAQLP

exports[`<Layout/> matches the snapshot 1`] = `
<div>
  <WithStyles(Navbar) />
  <WithStyles(BodyContainer) />
</div>
`;
