// Jest Snapshot v1, https://goo.gl/fbAQLP

exports[`<Navbar/> matches the snapshot 1`] = `
<Navbar
  classes={
    Object {
      "navLink": "Navbar-navLink-1",
    }
  }
/>
`;
